// Jest Snapshot v1, https://goo.gl/fbAQLP

exports[`matches snapshot 1`] = `
<DocumentFragment>
  <div>
    <div
      class="Catering-form"
    >
      <div
        class="Catering-new"
      >
        <span
          class="Catering-bold"
        >
          lookup
        </span>
        <p
          class="Catering-p"
        >
          restaurants nearby with your zip code for catering options.
        </p>
        <p
          class="Catering-small"
        >
          check the event you want to save the restaurant to, it will appear in your event details
        </p>
      </div>
      <div
        class="SearchForm"
      >
        <form
          class="form-inline"
        >
          <div
            class="form-group"
          >
            <label
              class=""
              for="search"
            />
            <input
              class="form-control flex-grow-1 form-control"
              name="search"
              placeholder="Enter search term.."
              type="text"
              value=""
            />
            <button
              class="Searchform-btn btn btn-primary"
              type="submit"
            >
              Submit
            </button>
          </div>
        </form>
      </div>
    </div>
    <div>
      <form
        class="form-inline"
      >
        <div
          class="Catering-row"
        >
          <div
            class="row"
          />
        </div>
        <div
          class="Catering-cards container"
        >
          <div
            class="row row-cols-1 row-cols-sm-2 row-cols-md-4"
          />
        </div>
      </form>
    </div>
  </div>
</DocumentFragment>
`;
